============================================================
[TEST] Testing PyCodeAI Components
============================================================
Backend: GPU (Unknown GPU, 4095MB VRAM)

1. Testing Tensor (autograd)...
python : Traceback (most recent call last):
At line:1 char:1
+ python cli.py test > test_output.txt 2>&1
+ ~~~~~~~~~~~~~~~~~~~~~~~~~~~~~~~~~~~~~~~~~
    + CategoryInfo          : NotSpecified: (Traceba 
   ck (most recent call last)::String) [], RemoteEx  
  ception
    + FullyQualifiedErrorId : NativeCommandError
 
  File "cupy_backends\\cuda\\_softlink.pyx", line 
25, in cupy_backends.cuda._softlink.SoftLink.__init__
  File "C:\Users\Farman\AppData\Local\Programs\Python
\Python313\Lib\ctypes\__init__.py", line 390, in 
__init__
    self._handle = _dlopen(self._name, mode)
                   ~~~~~~~^^^^^^^^^^^^^^^^^^
FileNotFoundError: Could not find module 
'nvrtc64_120_0.dll' (or one of its dependencies). 
Try using the full path with constructor syntax.

The above exception was the direct cause of the 
following exception:

Traceback (most recent call last):
  File "D:\App And Softwears\PyCodeAI\cli.py", line 
489, in <module>
    main()
    ~~~~^^
  File "D:\App And Softwears\PyCodeAI\cli.py", line 
464, in main
    test_components()
    ~~~~~~~~~~~~~~~^^
  File "D:\App And Softwears\PyCodeAI\cli.py", line 
63, in test_components
    y = x * 2
        ~~^~~
  File "D:\App And 
Softwears\PyCodeAI\src\core\tensor.py", line 129, in 
__mul__
    other = other if isinstance(other, Tensor) else 
Tensor(other)
                                                    
~~~~~~^^^^^^^
  File "D:\App And 
Softwears\PyCodeAI\src\core\tensor.py", line 80, in 
__init__
    self.data = xp.array(data, dtype=xp.float32)
                ~~~~~~~~^^^^^^^^^^^^^^^^^^^^^^^^
  File "C:\Users\Farman\AppData\Local\Programs\Python
\Python313\Lib\site-packages\cupy\_creation\from_data
.py", line 53, in array
    return _core.array(obj, dtype, copy, order, 
subok, ndmin, blocking)
           ~~~~~~~~~~~^^^^^^^^^^^^^^^^^^^^^^^^^^^^^^^
^^^^^^^^^^^^^^^^^^
  File "cupy\\_core\\core.pyx", line 2502, in 
cupy._core.core.array
  File "cupy\\_core\\core.pyx", line 2529, in 
cupy._core.core.array
  File "cupy\\_core\\core.pyx", line 2742, in 
cupy._core.core._array_default
  File "cupy\\_core\\core.pyx", line 845, in 
cupy._core.core._ndarray_base.fill
  File "cupy\\_core\\_kernel.pyx", line 920, in 
cupy._core._kernel.ElementwiseKernel.__call__
  File "cupy\\_core\\_kernel.pyx", line 945, in cupy.
_core._kernel.ElementwiseKernel._get_elementwise_kern
el
  File "cupy\\_util.pyx", line 67, in 
cupy._util.memoize.decorator.ret
  File "cupy\\_core\\_kernel.pyx", line 728, in 
cupy._core._kernel._get_elementwise_kernel
  File "cupy\\_core\\_kernel.pyx", line 82, in cupy._
core._kernel._get_simple_elementwise_kernel_from_code
  File "cupy\\_core\\core.pyx", line 2375, in 
cupy._core.core.compile_with_cache
  File "cupy\\_core\\core.pyx", line 2320, in 
cupy._core.core.assemble_cupy_compiler_options
  File "cupy_backends\\cuda\\libs\\nvrtc.pyx", line 
57, in cupy_backends.cuda.libs.nvrtc.getVersion
  File "cupy_backends\\cuda\\libs\\_cnvrtc.pxi", 
line 72, in cupy_backends.cuda.libs.nvrtc.initialize
  File "cupy_backends\\cuda\\libs\\_cnvrtc.pxi", 
line 75, in cupy_backends.cuda.libs.nvrtc._initialize
  File "cupy_backends\\cuda\\libs\\_cnvrtc.pxi", 
line 153, in 
cupy_backends.cuda.libs.nvrtc._get_softlink
  File "cupy_backends\\cuda\\_softlink.pyx", line 
32, in cupy_backends.cuda._softlink.SoftLink.__init__
RuntimeError: CuPy failed to load nvrtc64_120_0.dll: 
FileNotFoundError: Could not find module 
'nvrtc64_120_0.dll' (or one of its dependencies). 
Try using the full path with constructor syntax.
